[2025-11-08 16:28:51] production.ERROR: file_get_contents(/home/ussene/Documents/GitHub/SistemaDeGestaoDeEventosUEM/backend/.env): Failed to open stream: No such file or directory {"exception":"[object] (ErrorException(code: 0): file_get_contents(/home/ussene/Documents/GitHub/SistemaDeGestaoDeEventosUEM/backend/.env): Failed to open stream: No such file or directory at /home/ussene/Documents/GitHub/SistemaDeGestaoDeEventosUEM/backend/vendor/laravel/framework/src/Illuminate/Foundation/Console/KeyGenerateCommand.php:100)
[stacktrace]
#0 /home/ussene/Documents/GitHub/SistemaDeGestaoDeEventosUEM/backend/vendor/laravel/framework/src/Illuminate/Foundation/Bootstrap/HandleExceptions.php(258): Illuminate\\Foundation\\Bootstrap\\HandleExceptions->handleError()
#1 [internal function]: Illuminate\\Foundation\\Bootstrap\\HandleExceptions->Illuminate\\Foundation\\Bootstrap\\{closure}()
#2 /home/ussene/Documents/GitHub/SistemaDeGestaoDeEventosUEM/backend/vendor/laravel/framework/src/Illuminate/Foundation/Console/KeyGenerateCommand.php(100): file_get_contents()
#3 /home/ussene/Documents/GitHub/SistemaDeGestaoDeEventosUEM/backend/vendor/laravel/framework/src/Illuminate/Foundation/Console/KeyGenerateCommand.php(82): Illuminate\\Foundation\\Console\\KeyGenerateCommand->writeNewEnvironmentFileWith()
#4 /home/ussene/Documents/GitHub/SistemaDeGestaoDeEventosUEM/backend/vendor/laravel/framework/src/Illuminate/Foundation/Console/KeyGenerateCommand.php(47): Illuminate\\Foundation\\Console\\KeyGenerateCommand->setKeyInEnvironmentFile()
#5 /home/ussene/Documents/GitHub/SistemaDeGestaoDeEventosUEM/backend/vendor/laravel/framework/src/Illuminate/Container/BoundMethod.php(36): Illuminate\\Foundation\\Console\\KeyGenerateCommand->handle()
#6 /home/ussene/Documents/GitHub/SistemaDeGestaoDeEventosUEM/backend/vendor/laravel/framework/src/Illuminate/Container/Util.php(43): Illuminate\\Container\\BoundMethod::Illuminate\\Container\\{closure}()
#7 /home/ussene/Documents/GitHub/SistemaDeGestaoDeEventosUEM/backend/vendor/laravel/framework/src/Illuminate/Container/BoundMethod.php(96): Illuminate\\Container\\Util::unwrapIfClosure()
#8 /home/ussene/Documents/GitHub/SistemaDeGestaoDeEventosUEM/backend/vendor/laravel/framework/src/Illuminate/Container/BoundMethod.php(35): Illuminate\\Container\\BoundMethod::callBoundMethod()
#9 /home/ussene/Documents/GitHub/SistemaDeGestaoDeEventosUEM/backend/vendor/laravel/framework/src/Illuminate/Container/Container.php(836): Illuminate\\Container\\BoundMethod::call()
#10 /home/ussene/Documents/GitHub/SistemaDeGestaoDeEventosUEM/backend/vendor/laravel/framework/src/Illuminate/Console/Command.php(211): Illuminate\\Container\\Container->call()
#11 /home/ussene/Documents/GitHub/SistemaDeGestaoDeEventosUEM/backend/vendor/symfony/console/Command/Command.php(318): Illuminate\\Console\\Command->execute()
#12 /home/ussene/Documents/GitHub/SistemaDeGestaoDeEventosUEM/backend/vendor/laravel/framework/src/Illuminate/Console/Command.php(180): Symfony\\Component\\Console\\Command\\Command->run()
#13 /home/ussene/Documents/GitHub/SistemaDeGestaoDeEventosUEM/backend/vendor/symfony/console/Application.php(1073): Illuminate\\Console\\Command->run()
#14 /home/ussene/Documents/GitHub/SistemaDeGestaoDeEventosUEM/backend/vendor/symfony/console/Application.php(356): Symfony\\Component\\Console\\Application->doRunCommand()
#15 /home/ussene/Documents/GitHub/SistemaDeGestaoDeEventosUEM/backend/vendor/symfony/console/Application.php(195): Symfony\\Component\\Console\\Application->doRun()
#16 /home/ussene/Documents/GitHub/SistemaDeGestaoDeEventosUEM/backend/vendor/laravel/framework/src/Illuminate/Foundation/Console/Kernel.php(197): Symfony\\Component\\Console\\Application->run()
#17 /home/ussene/Documents/GitHub/SistemaDeGestaoDeEventosUEM/backend/vendor/laravel/framework/src/Illuminate/Foundation/Application.php(1235): Illuminate\\Foundation\\Console\\Kernel->handle()
#18 /home/ussene/Documents/GitHub/SistemaDeGestaoDeEventosUEM/backend/artisan(16): Illuminate\\Foundation\\Application->handleCommand()
#19 {main}
"} 
[2025-11-08 16:29:29] local.ERROR: Database file at path [/home/ussene/Documents/GitHub/SistemaDeGestaoDeEventosUEM/backend/database/database.sqlite] does not exist. Ensure this is an absolute path to the database. (Connection: sqlite, SQL: select exists (select 1 from "main".sqlite_master where name = 'migrations' and type = 'table') as "exists") {"exception":"[object] (Illuminate\\Database\\QueryException(code: 0): Database file at path [/home/ussene/Documents/GitHub/SistemaDeGestaoDeEventosUEM/backend/database/database.sqlite] does not exist. Ensure this is an absolute path to the database. (Connection: sqlite, SQL: select exists (select 1 from \"main\".sqlite_master where name = 'migrations' and type = 'table') as \"exists\") at /home/ussene/Documents/GitHub/SistemaDeGestaoDeEventosUEM/backend/vendor/laravel/framework/src/Illuminate/Database/Connection.php:824)
[stacktrace]
#0 /home/ussene/Documents/GitHub/SistemaDeGestaoDeEventosUEM/backend/vendor/laravel/framework/src/Illuminate/Database/Connection.php(778): Illuminate\\Database\\Connection->runQueryCallback()
#1 /home/ussene/Documents/GitHub/SistemaDeGestaoDeEventosUEM/backend/vendor/laravel/framework/src/Illuminate/Database/Connection.php(397): Illuminate\\Database\\Connection->run()
#2 /home/ussene/Documents/GitHub/SistemaDeGestaoDeEventosUEM/backend/vendor/laravel/framework/src/Illuminate/Database/Connection.php(343): Illuminate\\Database\\Connection->select()
#3 /home/ussene/Documents/GitHub/SistemaDeGestaoDeEventosUEM/backend/vendor/laravel/framework/src/Illuminate/Database/Connection.php(360): Illuminate\\Database\\Connection->selectOne()
#4 /home/ussene/Documents/GitHub/SistemaDeGestaoDeEventosUEM/backend/vendor/laravel/framework/src/Illuminate/Database/Schema/Builder.php(174): Illuminate\\Database\\Connection->scalar()
#5 /home/ussene/Documents/GitHub/SistemaDeGestaoDeEventosUEM/backend/vendor/laravel/framework/src/Illuminate/Database/Migrations/DatabaseMigrationRepository.php(185): Illuminate\\Database\\Schema\\Builder->hasTable()
#6 /home/ussene/Documents/GitHub/SistemaDeGestaoDeEventosUEM/backend/vendor/laravel/framework/src/Illuminate/Database/Migrations/Migrator.php(753): Illuminate\\Database\\Migrations\\DatabaseMigrationRepository->repositoryExists()
#7 /home/ussene/Documents/GitHub/SistemaDeGestaoDeEventosUEM/backend/vendor/laravel/framework/src/Illuminate/Database/Console/Migrations/FreshCommand.php(67): Illuminate\\Database\\Migrations\\Migrator->repositoryExists()
#8 /home/ussene/Documents/GitHub/SistemaDeGestaoDeEventosUEM/backend/vendor/laravel/framework/src/Illuminate/Database/Migrations/Migrator.php(666): Illuminate\\Database\\Console\\Migrations\\FreshCommand->Illuminate\\Database\\Console\\Migrations\\{closure}()
#9 /home/ussene/Documents/GitHub/SistemaDeGestaoDeEventosUEM/backend/vendor/laravel/framework/src/Illuminate/Database/Console/Migrations/FreshCommand.php(66): Illuminate\\Database\\Migrations\\Migrator->usingConnection()
#10 /home/ussene/Documents/GitHub/SistemaDeGestaoDeEventosUEM/backend/vendor/laravel/framework/src/Illuminate/Container/BoundMethod.php(36): Illuminate\\Database\\Console\\Migrations\\FreshCommand->handle()
#11 /home/ussene/Documents/GitHub/SistemaDeGestaoDeEventosUEM/backend/vendor/laravel/framework/src/Illuminate/Container/Util.php(43): Illuminate\\Container\\BoundMethod::Illuminate\\Container\\{closure}()
#12 /home/ussene/Documents/GitHub/SistemaDeGestaoDeEventosUEM/backend/vendor/laravel/framework/src/Illuminate/Container/BoundMethod.php(96): Illuminate\\Container\\Util::unwrapIfClosure()
#13 /home/ussene/Documents/GitHub/SistemaDeGestaoDeEventosUEM/backend/vendor/laravel/framework/src/Illuminate/Container/BoundMethod.php(35): Illuminate\\Container\\BoundMethod::callBoundMethod()
#14 /home/ussene/Documents/GitHub/SistemaDeGestaoDeEventosUEM/backend/vendor/laravel/framework/src/Illuminate/Container/Container.php(836): Illuminate\\Container\\BoundMethod::call()
#15 /home/ussene/Documents/GitHub/SistemaDeGestaoDeEventosUEM/backend/vendor/laravel/framework/src/Illuminate/Console/Command.php(211): Illuminate\\Container\\Container->call()
#16 /home/ussene/Documents/GitHub/SistemaDeGestaoDeEventosUEM/backend/vendor/symfony/console/Command/Command.php(318): Illuminate\\Console\\Command->execute()
#17 /home/ussene/Documents/GitHub/SistemaDeGestaoDeEventosUEM/backend/vendor/laravel/framework/src/Illuminate/Console/Command.php(180): Symfony\\Component\\Console\\Command\\Command->run()
#18 /home/ussene/Documents/GitHub/SistemaDeGestaoDeEventosUEM/backend/vendor/symfony/console/Application.php(1073): Illuminate\\Console\\Command->run()
#19 /home/ussene/Documents/GitHub/SistemaDeGestaoDeEventosUEM/backend/vendor/symfony/console/Application.php(356): Symfony\\Component\\Console\\Application->doRunCommand()
#20 /home/ussene/Documents/GitHub/SistemaDeGestaoDeEventosUEM/backend/vendor/symfony/console/Application.php(195): Symfony\\Component\\Console\\Application->doRun()
#21 /home/ussene/Documents/GitHub/SistemaDeGestaoDeEventosUEM/backend/vendor/laravel/framework/src/Illuminate/Foundation/Console/Kernel.php(197): Symfony\\Component\\Console\\Application->run()
#22 /home/ussene/Documents/GitHub/SistemaDeGestaoDeEventosUEM/backend/vendor/laravel/framework/src/Illuminate/Foundation/Application.php(1235): Illuminate\\Foundation\\Console\\Kernel->handle()
#23 /home/ussene/Documents/GitHub/SistemaDeGestaoDeEventosUEM/backend/artisan(16): Illuminate\\Foundation\\Application->handleCommand()
#24 {main}

[previous exception] [object] (Illuminate\\Database\\SQLiteDatabaseDoesNotExistException(code: 0): Database file at path [/home/ussene/Documents/GitHub/SistemaDeGestaoDeEventosUEM/backend/database/database.sqlite] does not exist. Ensure this is an absolute path to the database. at /home/ussene/Documents/GitHub/SistemaDeGestaoDeEventosUEM/backend/vendor/laravel/framework/src/Illuminate/Database/Connectors/SQLiteConnector.php:60)
[stacktrace]
#0 /home/ussene/Documents/GitHub/SistemaDeGestaoDeEventosUEM/backend/vendor/laravel/framework/src/Illuminate/Database/Connectors/SQLiteConnector.php(19): Illuminate\\Database\\Connectors\\SQLiteConnector->parseDatabasePath()
#1 /home/ussene/Documents/GitHub/SistemaDeGestaoDeEventosUEM/backend/vendor/laravel/framework/src/Illuminate/Database/Connectors/ConnectionFactory.php(223): Illuminate\\Database\\Connectors\\SQLiteConnector->connect()
#2 [internal function]: Illuminate\\Database\\Connectors\\ConnectionFactory->Illuminate\\Database\\Connectors\\{closure}()
#3 /home/ussene/Documents/GitHub/SistemaDeGestaoDeEventosUEM/backend/vendor/laravel/framework/src/Illuminate/Database/Connection.php(1234): call_user_func()
#4 /home/ussene/Documents/GitHub/SistemaDeGestaoDeEventosUEM/backend/vendor/laravel/framework/src/Illuminate/Database/Connection.php(1270): Illuminate\\Database\\Connection->getPdo()
#5 /home/ussene/Documents/GitHub/SistemaDeGestaoDeEventosUEM/backend/vendor/laravel/framework/src/Illuminate/Database/Connection.php(511): Illuminate\\Database\\Connection->getReadPdo()
#6 /home/ussene/Documents/GitHub/SistemaDeGestaoDeEventosUEM/backend/vendor/laravel/framework/src/Illuminate/Database/Connection.php(406): Illuminate\\Database\\Connection->getPdoForSelect()
#7 /home/ussene/Documents/GitHub/SistemaDeGestaoDeEventosUEM/backend/vendor/laravel/framework/src/Illuminate/Database/Connection.php(811): Illuminate\\Database\\Connection->Illuminate\\Database\\{closure}()
#8 /home/ussene/Documents/GitHub/SistemaDeGestaoDeEventosUEM/backend/vendor/laravel/framework/src/Illuminate/Database/Connection.php(778): Illuminate\\Database\\Connection->runQueryCallback()
#9 /home/ussene/Documents/GitHub/SistemaDeGestaoDeEventosUEM/backend/vendor/laravel/framework/src/Illuminate/Database/Connection.php(397): Illuminate\\Database\\Connection->run()
#10 /home/ussene/Documents/GitHub/SistemaDeGestaoDeEventosUEM/backend/vendor/laravel/framework/src/Illuminate/Database/Connection.php(343): Illuminate\\Database\\Connection->select()
#11 /home/ussene/Documents/GitHub/SistemaDeGestaoDeEventosUEM/backend/vendor/laravel/framework/src/Illuminate/Database/Connection.php(360): Illuminate\\Database\\Connection->selectOne()
#12 /home/ussene/Documents/GitHub/SistemaDeGestaoDeEventosUEM/backend/vendor/laravel/framework/src/Illuminate/Database/Schema/Builder.php(174): Illuminate\\Database\\Connection->scalar()
#13 /home/ussene/Documents/GitHub/SistemaDeGestaoDeEventosUEM/backend/vendor/laravel/framework/src/Illuminate/Database/Migrations/DatabaseMigrationRepository.php(185): Illuminate\\Database\\Schema\\Builder->hasTable()
#14 /home/ussene/Documents/GitHub/SistemaDeGestaoDeEventosUEM/backend/vendor/laravel/framework/src/Illuminate/Database/Migrations/Migrator.php(753): Illuminate\\Database\\Migrations\\DatabaseMigrationRepository->repositoryExists()
#15 /home/ussene/Documents/GitHub/SistemaDeGestaoDeEventosUEM/backend/vendor/laravel/framework/src/Illuminate/Database/Console/Migrations/FreshCommand.php(67): Illuminate\\Database\\Migrations\\Migrator->repositoryExists()
#16 /home/ussene/Documents/GitHub/SistemaDeGestaoDeEventosUEM/backend/vendor/laravel/framework/src/Illuminate/Database/Migrations/Migrator.php(666): Illuminate\\Database\\Console\\Migrations\\FreshCommand->Illuminate\\Database\\Console\\Migrations\\{closure}()
#17 /home/ussene/Documents/GitHub/SistemaDeGestaoDeEventosUEM/backend/vendor/laravel/framework/src/Illuminate/Database/Console/Migrations/FreshCommand.php(66): Illuminate\\Database\\Migrations\\Migrator->usingConnection()
#18 /home/ussene/Documents/GitHub/SistemaDeGestaoDeEventosUEM/backend/vendor/laravel/framework/src/Illuminate/Container/BoundMethod.php(36): Illuminate\\Database\\Console\\Migrations\\FreshCommand->handle()
#19 /home/ussene/Documents/GitHub/SistemaDeGestaoDeEventosUEM/backend/vendor/laravel/framework/src/Illuminate/Container/Util.php(43): Illuminate\\Container\\BoundMethod::Illuminate\\Container\\{closure}()
#20 /home/ussene/Documents/GitHub/SistemaDeGestaoDeEventosUEM/backend/vendor/laravel/framework/src/Illuminate/Container/BoundMethod.php(96): Illuminate\\Container\\Util::unwrapIfClosure()
#21 /home/ussene/Documents/GitHub/SistemaDeGestaoDeEventosUEM/backend/vendor/laravel/framework/src/Illuminate/Container/BoundMethod.php(35): Illuminate\\Container\\BoundMethod::callBoundMethod()
#22 /home/ussene/Documents/GitHub/SistemaDeGestaoDeEventosUEM/backend/vendor/laravel/framework/src/Illuminate/Container/Container.php(836): Illuminate\\Container\\BoundMethod::call()
#23 /home/ussene/Documents/GitHub/SistemaDeGestaoDeEventosUEM/backend/vendor/laravel/framework/src/Illuminate/Console/Command.php(211): Illuminate\\Container\\Container->call()
#24 /home/ussene/Documents/GitHub/SistemaDeGestaoDeEventosUEM/backend/vendor/symfony/console/Command/Command.php(318): Illuminate\\Console\\Command->execute()
#25 /home/ussene/Documents/GitHub/SistemaDeGestaoDeEventosUEM/backend/vendor/laravel/framework/src/Illuminate/Console/Command.php(180): Symfony\\Component\\Console\\Command\\Command->run()
#26 /home/ussene/Documents/GitHub/SistemaDeGestaoDeEventosUEM/backend/vendor/symfony/console/Application.php(1073): Illuminate\\Console\\Command->run()
#27 /home/ussene/Documents/GitHub/SistemaDeGestaoDeEventosUEM/backend/vendor/symfony/console/Application.php(356): Symfony\\Component\\Console\\Application->doRunCommand()
#28 /home/ussene/Documents/GitHub/SistemaDeGestaoDeEventosUEM/backend/vendor/symfony/console/Application.php(195): Symfony\\Component\\Console\\Application->doRun()
#29 /home/ussene/Documents/GitHub/SistemaDeGestaoDeEventosUEM/backend/vendor/laravel/framework/src/Illuminate/Foundation/Console/Kernel.php(197): Symfony\\Component\\Console\\Application->run()
#30 /home/ussene/Documents/GitHub/SistemaDeGestaoDeEventosUEM/backend/vendor/laravel/framework/src/Illuminate/Foundation/Application.php(1235): Illuminate\\Foundation\\Console\\Kernel->handle()
#31 /home/ussene/Documents/GitHub/SistemaDeGestaoDeEventosUEM/backend/artisan(16): Illuminate\\Foundation\\Application->handleCommand()
#32 {main}
"} 
[2025-11-08 16:30:04] local.ERROR: Database file at path [/home/ussene/Documents/GitHub/SistemaDeGestaoDeEventosUEM/backend/database/database.sqlite] does not exist. Ensure this is an absolute path to the database. (Connection: sqlite, SQL: select exists (select 1 from "main".sqlite_master where name = 'migrations' and type = 'table') as "exists") {"exception":"[object] (Illuminate\\Database\\QueryException(code: 0): Database file at path [/home/ussene/Documents/GitHub/SistemaDeGestaoDeEventosUEM/backend/database/database.sqlite] does not exist. Ensure this is an absolute path to the database. (Connection: sqlite, SQL: select exists (select 1 from \"main\".sqlite_master where name = 'migrations' and type = 'table') as \"exists\") at /home/ussene/Documents/GitHub/SistemaDeGestaoDeEventosUEM/backend/vendor/laravel/framework/src/Illuminate/Database/Connection.php:824)
[stacktrace]
#0 /home/ussene/Documents/GitHub/SistemaDeGestaoDeEventosUEM/backend/vendor/laravel/framework/src/Illuminate/Database/Connection.php(778): Illuminate\\Database\\Connection->runQueryCallback()
#1 /home/ussene/Documents/GitHub/SistemaDeGestaoDeEventosUEM/backend/vendor/laravel/framework/src/Illuminate/Database/Connection.php(397): Illuminate\\Database\\Connection->run()
#2 /home/ussene/Documents/GitHub/SistemaDeGestaoDeEventosUEM/backend/vendor/laravel/framework/src/Illuminate/Database/Connection.php(343): Illuminate\\Database\\Connection->select()
#3 /home/ussene/Documents/GitHub/SistemaDeGestaoDeEventosUEM/backend/vendor/laravel/framework/src/Illuminate/Database/Connection.php(360): Illuminate\\Database\\Connection->selectOne()
#4 /home/ussene/Documents/GitHub/SistemaDeGestaoDeEventosUEM/backend/vendor/laravel/framework/src/Illuminate/Database/Schema/Builder.php(174): Illuminate\\Database\\Connection->scalar()
#5 /home/ussene/Documents/GitHub/SistemaDeGestaoDeEventosUEM/backend/vendor/laravel/framework/src/Illuminate/Database/Migrations/DatabaseMigrationRepository.php(185): Illuminate\\Database\\Schema\\Builder->hasTable()
#6 /home/ussene/Documents/GitHub/SistemaDeGestaoDeEventosUEM/backend/vendor/laravel/framework/src/Illuminate/Database/Migrations/Migrator.php(753): Illuminate\\Database\\Migrations\\DatabaseMigrationRepository->repositoryExists()
#7 /home/ussene/Documents/GitHub/SistemaDeGestaoDeEventosUEM/backend/vendor/laravel/framework/src/Illuminate/Database/Console/Migrations/FreshCommand.php(67): Illuminate\\Database\\Migrations\\Migrator->repositoryExists()
#8 /home/ussene/Documents/GitHub/SistemaDeGestaoDeEventosUEM/backend/vendor/laravel/framework/src/Illuminate/Database/Migrations/Migrator.php(666): Illuminate\\Database\\Console\\Migrations\\FreshCommand->Illuminate\\Database\\Console\\Migrations\\{closure}()
#9 /home/ussene/Documents/GitHub/SistemaDeGestaoDeEventosUEM/backend/vendor/laravel/framework/src/Illuminate/Database/Console/Migrations/FreshCommand.php(66): Illuminate\\Database\\Migrations\\Migrator->usingConnection()
#10 /home/ussene/Documents/GitHub/SistemaDeGestaoDeEventosUEM/backend/vendor/laravel/framework/src/Illuminate/Container/BoundMethod.php(36): Illuminate\\Database\\Console\\Migrations\\FreshCommand->handle()
#11 /home/ussene/Documents/GitHub/SistemaDeGestaoDeEventosUEM/backend/vendor/laravel/framework/src/Illuminate/Container/Util.php(43): Illuminate\\Container\\BoundMethod::Illuminate\\Container\\{closure}()
#12 /home/ussene/Documents/GitHub/SistemaDeGestaoDeEventosUEM/backend/vendor/laravel/framework/src/Illuminate/Container/BoundMethod.php(96): Illuminate\\Container\\Util::unwrapIfClosure()
#13 /home/ussene/Documents/GitHub/SistemaDeGestaoDeEventosUEM/backend/vendor/laravel/framework/src/Illuminate/Container/BoundMethod.php(35): Illuminate\\Container\\BoundMethod::callBoundMethod()
#14 /home/ussene/Documents/GitHub/SistemaDeGestaoDeEventosUEM/backend/vendor/laravel/framework/src/Illuminate/Container/Container.php(836): Illuminate\\Container\\BoundMethod::call()
#15 /home/ussene/Documents/GitHub/SistemaDeGestaoDeEventosUEM/backend/vendor/laravel/framework/src/Illuminate/Console/Command.php(211): Illuminate\\Container\\Container->call()
#16 /home/ussene/Documents/GitHub/SistemaDeGestaoDeEventosUEM/backend/vendor/symfony/console/Command/Command.php(318): Illuminate\\Console\\Command->execute()
#17 /home/ussene/Documents/GitHub/SistemaDeGestaoDeEventosUEM/backend/vendor/laravel/framework/src/Illuminate/Console/Command.php(180): Symfony\\Component\\Console\\Command\\Command->run()
#18 /home/ussene/Documents/GitHub/SistemaDeGestaoDeEventosUEM/backend/vendor/symfony/console/Application.php(1073): Illuminate\\Console\\Command->run()
#19 /home/ussene/Documents/GitHub/SistemaDeGestaoDeEventosUEM/backend/vendor/symfony/console/Application.php(356): Symfony\\Component\\Console\\Application->doRunCommand()
#20 /home/ussene/Documents/GitHub/SistemaDeGestaoDeEventosUEM/backend/vendor/symfony/console/Application.php(195): Symfony\\Component\\Console\\Application->doRun()
#21 /home/ussene/Documents/GitHub/SistemaDeGestaoDeEventosUEM/backend/vendor/laravel/framework/src/Illuminate/Foundation/Console/Kernel.php(197): Symfony\\Component\\Console\\Application->run()
#22 /home/ussene/Documents/GitHub/SistemaDeGestaoDeEventosUEM/backend/vendor/laravel/framework/src/Illuminate/Foundation/Application.php(1235): Illuminate\\Foundation\\Console\\Kernel->handle()
#23 /home/ussene/Documents/GitHub/SistemaDeGestaoDeEventosUEM/backend/artisan(16): Illuminate\\Foundation\\Application->handleCommand()
#24 {main}

[previous exception] [object] (Illuminate\\Database\\SQLiteDatabaseDoesNotExistException(code: 0): Database file at path [/home/ussene/Documents/GitHub/SistemaDeGestaoDeEventosUEM/backend/database/database.sqlite] does not exist. Ensure this is an absolute path to the database. at /home/ussene/Documents/GitHub/SistemaDeGestaoDeEventosUEM/backend/vendor/laravel/framework/src/Illuminate/Database/Connectors/SQLiteConnector.php:60)
[stacktrace]
#0 /home/ussene/Documents/GitHub/SistemaDeGestaoDeEventosUEM/backend/vendor/laravel/framework/src/Illuminate/Database/Connectors/SQLiteConnector.php(19): Illuminate\\Database\\Connectors\\SQLiteConnector->parseDatabasePath()
#1 /home/ussene/Documents/GitHub/SistemaDeGestaoDeEventosUEM/backend/vendor/laravel/framework/src/Illuminate/Database/Connectors/ConnectionFactory.php(223): Illuminate\\Database\\Connectors\\SQLiteConnector->connect()
#2 [internal function]: Illuminate\\Database\\Connectors\\ConnectionFactory->Illuminate\\Database\\Connectors\\{closure}()
#3 /home/ussene/Documents/GitHub/SistemaDeGestaoDeEventosUEM/backend/vendor/laravel/framework/src/Illuminate/Database/Connection.php(1234): call_user_func()
#4 /home/ussene/Documents/GitHub/SistemaDeGestaoDeEventosUEM/backend/vendor/laravel/framework/src/Illuminate/Database/Connection.php(1270): Illuminate\\Database\\Connection->getPdo()
#5 /home/ussene/Documents/GitHub/SistemaDeGestaoDeEventosUEM/backend/vendor/laravel/framework/src/Illuminate/Database/Connection.php(511): Illuminate\\Database\\Connection->getReadPdo()
#6 /home/ussene/Documents/GitHub/SistemaDeGestaoDeEventosUEM/backend/vendor/laravel/framework/src/Illuminate/Database/Connection.php(406): Illuminate\\Database\\Connection->getPdoForSelect()
#7 /home/ussene/Documents/GitHub/SistemaDeGestaoDeEventosUEM/backend/vendor/laravel/framework/src/Illuminate/Database/Connection.php(811): Illuminate\\Database\\Connection->Illuminate\\Database\\{closure}()
#8 /home/ussene/Documents/GitHub/SistemaDeGestaoDeEventosUEM/backend/vendor/laravel/framework/src/Illuminate/Database/Connection.php(778): Illuminate\\Database\\Connection->runQueryCallback()
#9 /home/ussene/Documents/GitHub/SistemaDeGestaoDeEventosUEM/backend/vendor/laravel/framework/src/Illuminate/Database/Connection.php(397): Illuminate\\Database\\Connection->run()
#10 /home/ussene/Documents/GitHub/SistemaDeGestaoDeEventosUEM/backend/vendor/laravel/framework/src/Illuminate/Database/Connection.php(343): Illuminate\\Database\\Connection->select()
#11 /home/ussene/Documents/GitHub/SistemaDeGestaoDeEventosUEM/backend/vendor/laravel/framework/src/Illuminate/Database/Connection.php(360): Illuminate\\Database\\Connection->selectOne()
#12 /home/ussene/Documents/GitHub/SistemaDeGestaoDeEventosUEM/backend/vendor/laravel/framework/src/Illuminate/Database/Schema/Builder.php(174): Illuminate\\Database\\Connection->scalar()
#13 /home/ussene/Documents/GitHub/SistemaDeGestaoDeEventosUEM/backend/vendor/laravel/framework/src/Illuminate/Database/Migrations/DatabaseMigrationRepository.php(185): Illuminate\\Database\\Schema\\Builder->hasTable()
#14 /home/ussene/Documents/GitHub/SistemaDeGestaoDeEventosUEM/backend/vendor/laravel/framework/src/Illuminate/Database/Migrations/Migrator.php(753): Illuminate\\Database\\Migrations\\DatabaseMigrationRepository->repositoryExists()
#15 /home/ussene/Documents/GitHub/SistemaDeGestaoDeEventosUEM/backend/vendor/laravel/framework/src/Illuminate/Database/Console/Migrations/FreshCommand.php(67): Illuminate\\Database\\Migrations\\Migrator->repositoryExists()
#16 /home/ussene/Documents/GitHub/SistemaDeGestaoDeEventosUEM/backend/vendor/laravel/framework/src/Illuminate/Database/Migrations/Migrator.php(666): Illuminate\\Database\\Console\\Migrations\\FreshCommand->Illuminate\\Database\\Console\\Migrations\\{closure}()
#17 /home/ussene/Documents/GitHub/SistemaDeGestaoDeEventosUEM/backend/vendor/laravel/framework/src/Illuminate/Database/Console/Migrations/FreshCommand.php(66): Illuminate\\Database\\Migrations\\Migrator->usingConnection()
#18 /home/ussene/Documents/GitHub/SistemaDeGestaoDeEventosUEM/backend/vendor/laravel/framework/src/Illuminate/Container/BoundMethod.php(36): Illuminate\\Database\\Console\\Migrations\\FreshCommand->handle()
#19 /home/ussene/Documents/GitHub/SistemaDeGestaoDeEventosUEM/backend/vendor/laravel/framework/src/Illuminate/Container/Util.php(43): Illuminate\\Container\\BoundMethod::Illuminate\\Container\\{closure}()
#20 /home/ussene/Documents/GitHub/SistemaDeGestaoDeEventosUEM/backend/vendor/laravel/framework/src/Illuminate/Container/BoundMethod.php(96): Illuminate\\Container\\Util::unwrapIfClosure()
#21 /home/ussene/Documents/GitHub/SistemaDeGestaoDeEventosUEM/backend/vendor/laravel/framework/src/Illuminate/Container/BoundMethod.php(35): Illuminate\\Container\\BoundMethod::callBoundMethod()
#22 /home/ussene/Documents/GitHub/SistemaDeGestaoDeEventosUEM/backend/vendor/laravel/framework/src/Illuminate/Container/Container.php(836): Illuminate\\Container\\BoundMethod::call()
#23 /home/ussene/Documents/GitHub/SistemaDeGestaoDeEventosUEM/backend/vendor/laravel/framework/src/Illuminate/Console/Command.php(211): Illuminate\\Container\\Container->call()
#24 /home/ussene/Documents/GitHub/SistemaDeGestaoDeEventosUEM/backend/vendor/symfony/console/Command/Command.php(318): Illuminate\\Console\\Command->execute()
#25 /home/ussene/Documents/GitHub/SistemaDeGestaoDeEventosUEM/backend/vendor/laravel/framework/src/Illuminate/Console/Command.php(180): Symfony\\Component\\Console\\Command\\Command->run()
#26 /home/ussene/Documents/GitHub/SistemaDeGestaoDeEventosUEM/backend/vendor/symfony/console/Application.php(1073): Illuminate\\Console\\Command->run()
#27 /home/ussene/Documents/GitHub/SistemaDeGestaoDeEventosUEM/backend/vendor/symfony/console/Application.php(356): Symfony\\Component\\Console\\Application->doRunCommand()
#28 /home/ussene/Documents/GitHub/SistemaDeGestaoDeEventosUEM/backend/vendor/symfony/console/Application.php(195): Symfony\\Component\\Console\\Application->doRun()
#29 /home/ussene/Documents/GitHub/SistemaDeGestaoDeEventosUEM/backend/vendor/laravel/framework/src/Illuminate/Foundation/Console/Kernel.php(197): Symfony\\Component\\Console\\Application->run()
#30 /home/ussene/Documents/GitHub/SistemaDeGestaoDeEventosUEM/backend/vendor/laravel/framework/src/Illuminate/Foundation/Application.php(1235): Illuminate\\Foundation\\Console\\Kernel->handle()
#31 /home/ussene/Documents/GitHub/SistemaDeGestaoDeEventosUEM/backend/artisan(16): Illuminate\\Foundation\\Application->handleCommand()
#32 {main}
"} 
[2025-11-08 16:30:22] local.ERROR: could not find driver (Connection: sqlite, SQL: select exists (select 1 from "main".sqlite_master where name = 'migrations' and type = 'table') as "exists") {"exception":"[object] (Illuminate\\Database\\QueryException(code: 0): could not find driver (Connection: sqlite, SQL: select exists (select 1 from \"main\".sqlite_master where name = 'migrations' and type = 'table') as \"exists\") at /home/ussene/Documents/GitHub/SistemaDeGestaoDeEventosUEM/backend/vendor/laravel/framework/src/Illuminate/Database/Connection.php:824)
[stacktrace]
#0 /home/ussene/Documents/GitHub/SistemaDeGestaoDeEventosUEM/backend/vendor/laravel/framework/src/Illuminate/Database/Connection.php(778): Illuminate\\Database\\Connection->runQueryCallback()
#1 /home/ussene/Documents/GitHub/SistemaDeGestaoDeEventosUEM/backend/vendor/laravel/framework/src/Illuminate/Database/Connection.php(397): Illuminate\\Database\\Connection->run()
#2 /home/ussene/Documents/GitHub/SistemaDeGestaoDeEventosUEM/backend/vendor/laravel/framework/src/Illuminate/Database/Connection.php(343): Illuminate\\Database\\Connection->select()
#3 /home/ussene/Documents/GitHub/SistemaDeGestaoDeEventosUEM/backend/vendor/laravel/framework/src/Illuminate/Database/Connection.php(360): Illuminate\\Database\\Connection->selectOne()
#4 /home/ussene/Documents/GitHub/SistemaDeGestaoDeEventosUEM/backend/vendor/laravel/framework/src/Illuminate/Database/Schema/Builder.php(174): Illuminate\\Database\\Connection->scalar()
#5 /home/ussene/Documents/GitHub/SistemaDeGestaoDeEventosUEM/backend/vendor/laravel/framework/src/Illuminate/Database/Migrations/DatabaseMigrationRepository.php(185): Illuminate\\Database\\Schema\\Builder->hasTable()
#6 /home/ussene/Documents/GitHub/SistemaDeGestaoDeEventosUEM/backend/vendor/laravel/framework/src/Illuminate/Database/Migrations/Migrator.php(753): Illuminate\\Database\\Migrations\\DatabaseMigrationRepository->repositoryExists()
#7 /home/ussene/Documents/GitHub/SistemaDeGestaoDeEventosUEM/backend/vendor/laravel/framework/src/Illuminate/Database/Console/Migrations/FreshCommand.php(67): Illuminate\\Database\\Migrations\\Migrator->repositoryExists()
#8 /home/ussene/Documents/GitHub/SistemaDeGestaoDeEventosUEM/backend/vendor/laravel/framework/src/Illuminate/Database/Migrations/Migrator.php(666): Illuminate\\Database\\Console\\Migrations\\FreshCommand->Illuminate\\Database\\Console\\Migrations\\{closure}()
#9 /home/ussene/Documents/GitHub/SistemaDeGestaoDeEventosUEM/backend/vendor/laravel/framework/src/Illuminate/Database/Console/Migrations/FreshCommand.php(66): Illuminate\\Database\\Migrations\\Migrator->usingConnection()
#10 /home/ussene/Documents/GitHub/SistemaDeGestaoDeEventosUEM/backend/vendor/laravel/framework/src/Illuminate/Container/BoundMethod.php(36): Illuminate\\Database\\Console\\Migrations\\FreshCommand->handle()
#11 /home/ussene/Documents/GitHub/SistemaDeGestaoDeEventosUEM/backend/vendor/laravel/framework/src/Illuminate/Container/Util.php(43): Illuminate\\Container\\BoundMethod::Illuminate\\Container\\{closure}()
#12 /home/ussene/Documents/GitHub/SistemaDeGestaoDeEventosUEM/backend/vendor/laravel/framework/src/Illuminate/Container/BoundMethod.php(96): Illuminate\\Container\\Util::unwrapIfClosure()
#13 /home/ussene/Documents/GitHub/SistemaDeGestaoDeEventosUEM/backend/vendor/laravel/framework/src/Illuminate/Container/BoundMethod.php(35): Illuminate\\Container\\BoundMethod::callBoundMethod()
#14 /home/ussene/Documents/GitHub/SistemaDeGestaoDeEventosUEM/backend/vendor/laravel/framework/src/Illuminate/Container/Container.php(836): Illuminate\\Container\\BoundMethod::call()
#15 /home/ussene/Documents/GitHub/SistemaDeGestaoDeEventosUEM/backend/vendor/laravel/framework/src/Illuminate/Console/Command.php(211): Illuminate\\Container\\Container->call()
#16 /home/ussene/Documents/GitHub/SistemaDeGestaoDeEventosUEM/backend/vendor/symfony/console/Command/Command.php(318): Illuminate\\Console\\Command->execute()
#17 /home/ussene/Documents/GitHub/SistemaDeGestaoDeEventosUEM/backend/vendor/laravel/framework/src/Illuminate/Console/Command.php(180): Symfony\\Component\\Console\\Command\\Command->run()
#18 /home/ussene/Documents/GitHub/SistemaDeGestaoDeEventosUEM/backend/vendor/symfony/console/Application.php(1073): Illuminate\\Console\\Command->run()
#19 /home/ussene/Documents/GitHub/SistemaDeGestaoDeEventosUEM/backend/vendor/symfony/console/Application.php(356): Symfony\\Component\\Console\\Application->doRunCommand()
#20 /home/ussene/Documents/GitHub/SistemaDeGestaoDeEventosUEM/backend/vendor/symfony/console/Application.php(195): Symfony\\Component\\Console\\Application->doRun()
#21 /home/ussene/Documents/GitHub/SistemaDeGestaoDeEventosUEM/backend/vendor/laravel/framework/src/Illuminate/Foundation/Console/Kernel.php(197): Symfony\\Component\\Console\\Application->run()
#22 /home/ussene/Documents/GitHub/SistemaDeGestaoDeEventosUEM/backend/vendor/laravel/framework/src/Illuminate/Foundation/Application.php(1235): Illuminate\\Foundation\\Console\\Kernel->handle()
#23 /home/ussene/Documents/GitHub/SistemaDeGestaoDeEventosUEM/backend/artisan(16): Illuminate\\Foundation\\Application->handleCommand()
#24 {main}

[previous exception] [object] (PDOException(code: 0): could not find driver at /home/ussene/Documents/GitHub/SistemaDeGestaoDeEventosUEM/backend/vendor/laravel/framework/src/Illuminate/Database/Connectors/Connector.php:66)
[stacktrace]
#0 /home/ussene/Documents/GitHub/SistemaDeGestaoDeEventosUEM/backend/vendor/laravel/framework/src/Illuminate/Database/Connectors/Connector.php(66): PDO->__construct()
#1 /home/ussene/Documents/GitHub/SistemaDeGestaoDeEventosUEM/backend/vendor/laravel/framework/src/Illuminate/Database/Connectors/Connector.php(44): Illuminate\\Database\\Connectors\\Connector->createPdoConnection()
#2 /home/ussene/Documents/GitHub/SistemaDeGestaoDeEventosUEM/backend/vendor/laravel/framework/src/Illuminate/Database/Connectors/SQLiteConnector.php(21): Illuminate\\Database\\Connectors\\Connector->createConnection()
#3 /home/ussene/Documents/GitHub/SistemaDeGestaoDeEventosUEM/backend/vendor/laravel/framework/src/Illuminate/Database/Connectors/ConnectionFactory.php(223): Illuminate\\Database\\Connectors\\SQLiteConnector->connect()
#4 [internal function]: Illuminate\\Database\\Connectors\\ConnectionFactory->Illuminate\\Database\\Connectors\\{closure}()
#5 /home/ussene/Documents/GitHub/SistemaDeGestaoDeEventosUEM/backend/vendor/laravel/framework/src/Illuminate/Database/Connection.php(1234): call_user_func()
#6 /home/ussene/Documents/GitHub/SistemaDeGestaoDeEventosUEM/backend/vendor/laravel/framework/src/Illuminate/Database/Connection.php(1270): Illuminate\\Database\\Connection->getPdo()
#7 /home/ussene/Documents/GitHub/SistemaDeGestaoDeEventosUEM/backend/vendor/laravel/framework/src/Illuminate/Database/Connection.php(511): Illuminate\\Database\\Connection->getReadPdo()
#8 /home/ussene/Documents/GitHub/SistemaDeGestaoDeEventosUEM/backend/vendor/laravel/framework/src/Illuminate/Database/Connection.php(406): Illuminate\\Database\\Connection->getPdoForSelect()
#9 /home/ussene/Documents/GitHub/SistemaDeGestaoDeEventosUEM/backend/vendor/laravel/framework/src/Illuminate/Database/Connection.php(811): Illuminate\\Database\\Connection->Illuminate\\Database\\{closure}()
#10 /home/ussene/Documents/GitHub/SistemaDeGestaoDeEventosUEM/backend/vendor/laravel/framework/src/Illuminate/Database/Connection.php(778): Illuminate\\Database\\Connection->runQueryCallback()
#11 /home/ussene/Documents/GitHub/SistemaDeGestaoDeEventosUEM/backend/vendor/laravel/framework/src/Illuminate/Database/Connection.php(397): Illuminate\\Database\\Connection->run()
#12 /home/ussene/Documents/GitHub/SistemaDeGestaoDeEventosUEM/backend/vendor/laravel/framework/src/Illuminate/Database/Connection.php(343): Illuminate\\Database\\Connection->select()
#13 /home/ussene/Documents/GitHub/SistemaDeGestaoDeEventosUEM/backend/vendor/laravel/framework/src/Illuminate/Database/Connection.php(360): Illuminate\\Database\\Connection->selectOne()
#14 /home/ussene/Documents/GitHub/SistemaDeGestaoDeEventosUEM/backend/vendor/laravel/framework/src/Illuminate/Database/Schema/Builder.php(174): Illuminate\\Database\\Connection->scalar()
#15 /home/ussene/Documents/GitHub/SistemaDeGestaoDeEventosUEM/backend/vendor/laravel/framework/src/Illuminate/Database/Migrations/DatabaseMigrationRepository.php(185): Illuminate\\Database\\Schema\\Builder->hasTable()
#16 /home/ussene/Documents/GitHub/SistemaDeGestaoDeEventosUEM/backend/vendor/laravel/framework/src/Illuminate/Database/Migrations/Migrator.php(753): Illuminate\\Database\\Migrations\\DatabaseMigrationRepository->repositoryExists()
#17 /home/ussene/Documents/GitHub/SistemaDeGestaoDeEventosUEM/backend/vendor/laravel/framework/src/Illuminate/Database/Console/Migrations/FreshCommand.php(67): Illuminate\\Database\\Migrations\\Migrator->repositoryExists()
#18 /home/ussene/Documents/GitHub/SistemaDeGestaoDeEventosUEM/backend/vendor/laravel/framework/src/Illuminate/Database/Migrations/Migrator.php(666): Illuminate\\Database\\Console\\Migrations\\FreshCommand->Illuminate\\Database\\Console\\Migrations\\{closure}()
#19 /home/ussene/Documents/GitHub/SistemaDeGestaoDeEventosUEM/backend/vendor/laravel/framework/src/Illuminate/Database/Console/Migrations/FreshCommand.php(66): Illuminate\\Database\\Migrations\\Migrator->usingConnection()
#20 /home/ussene/Documents/GitHub/SistemaDeGestaoDeEventosUEM/backend/vendor/laravel/framework/src/Illuminate/Container/BoundMethod.php(36): Illuminate\\Database\\Console\\Migrations\\FreshCommand->handle()
#21 /home/ussene/Documents/GitHub/SistemaDeGestaoDeEventosUEM/backend/vendor/laravel/framework/src/Illuminate/Container/Util.php(43): Illuminate\\Container\\BoundMethod::Illuminate\\Container\\{closure}()
#22 /home/ussene/Documents/GitHub/SistemaDeGestaoDeEventosUEM/backend/vendor/laravel/framework/src/Illuminate/Container/BoundMethod.php(96): Illuminate\\Container\\Util::unwrapIfClosure()
#23 /home/ussene/Documents/GitHub/SistemaDeGestaoDeEventosUEM/backend/vendor/laravel/framework/src/Illuminate/Container/BoundMethod.php(35): Illuminate\\Container\\BoundMethod::callBoundMethod()
#24 /home/ussene/Documents/GitHub/SistemaDeGestaoDeEventosUEM/backend/vendor/laravel/framework/src/Illuminate/Container/Container.php(836): Illuminate\\Container\\BoundMethod::call()
#25 /home/ussene/Documents/GitHub/SistemaDeGestaoDeEventosUEM/backend/vendor/laravel/framework/src/Illuminate/Console/Command.php(211): Illuminate\\Container\\Container->call()
#26 /home/ussene/Documents/GitHub/SistemaDeGestaoDeEventosUEM/backend/vendor/symfony/console/Command/Command.php(318): Illuminate\\Console\\Command->execute()
#27 /home/ussene/Documents/GitHub/SistemaDeGestaoDeEventosUEM/backend/vendor/laravel/framework/src/Illuminate/Console/Command.php(180): Symfony\\Component\\Console\\Command\\Command->run()
#28 /home/ussene/Documents/GitHub/SistemaDeGestaoDeEventosUEM/backend/vendor/symfony/console/Application.php(1073): Illuminate\\Console\\Command->run()
#29 /home/ussene/Documents/GitHub/SistemaDeGestaoDeEventosUEM/backend/vendor/symfony/console/Application.php(356): Symfony\\Component\\Console\\Application->doRunCommand()
#30 /home/ussene/Documents/GitHub/SistemaDeGestaoDeEventosUEM/backend/vendor/symfony/console/Application.php(195): Symfony\\Component\\Console\\Application->doRun()
#31 /home/ussene/Documents/GitHub/SistemaDeGestaoDeEventosUEM/backend/vendor/laravel/framework/src/Illuminate/Foundation/Console/Kernel.php(197): Symfony\\Component\\Console\\Application->run()
#32 /home/ussene/Documents/GitHub/SistemaDeGestaoDeEventosUEM/backend/vendor/laravel/framework/src/Illuminate/Foundation/Application.php(1235): Illuminate\\Foundation\\Console\\Kernel->handle()
#33 /home/ussene/Documents/GitHub/SistemaDeGestaoDeEventosUEM/backend/artisan(16): Illuminate\\Foundation\\Application->handleCommand()
#34 {main}
"} 
[2025-11-08 16:47:32] local.ERROR: could not find driver (Connection: sqlite, SQL: select exists (select 1 from "main".sqlite_master where name = 'migrations' and type = 'table') as "exists") {"exception":"[object] (Illuminate\\Database\\QueryException(code: 0): could not find driver (Connection: sqlite, SQL: select exists (select 1 from \"main\".sqlite_master where name = 'migrations' and type = 'table') as \"exists\") at /home/ussene/Documents/GitHub/SistemaDeGestaoDeEventosUEM/backend/vendor/laravel/framework/src/Illuminate/Database/Connection.php:824)
[stacktrace]
#0 /home/ussene/Documents/GitHub/SistemaDeGestaoDeEventosUEM/backend/vendor/laravel/framework/src/Illuminate/Database/Connection.php(778): Illuminate\\Database\\Connection->runQueryCallback()
#1 /home/ussene/Documents/GitHub/SistemaDeGestaoDeEventosUEM/backend/vendor/laravel/framework/src/Illuminate/Database/Connection.php(397): Illuminate\\Database\\Connection->run()
#2 /home/ussene/Documents/GitHub/SistemaDeGestaoDeEventosUEM/backend/vendor/laravel/framework/src/Illuminate/Database/Connection.php(343): Illuminate\\Database\\Connection->select()
#3 /home/ussene/Documents/GitHub/SistemaDeGestaoDeEventosUEM/backend/vendor/laravel/framework/src/Illuminate/Database/Connection.php(360): Illuminate\\Database\\Connection->selectOne()
#4 /home/ussene/Documents/GitHub/SistemaDeGestaoDeEventosUEM/backend/vendor/laravel/framework/src/Illuminate/Database/Schema/Builder.php(174): Illuminate\\Database\\Connection->scalar()
#5 /home/ussene/Documents/GitHub/SistemaDeGestaoDeEventosUEM/backend/vendor/laravel/framework/src/Illuminate/Database/Migrations/DatabaseMigrationRepository.php(185): Illuminate\\Database\\Schema\\Builder->hasTable()
#6 /home/ussene/Documents/GitHub/SistemaDeGestaoDeEventosUEM/backend/vendor/laravel/framework/src/Illuminate/Database/Migrations/Migrator.php(753): Illuminate\\Database\\Migrations\\DatabaseMigrationRepository->repositoryExists()
#7 /home/ussene/Documents/GitHub/SistemaDeGestaoDeEventosUEM/backend/vendor/laravel/framework/src/Illuminate/Database/Console/Migrations/FreshCommand.php(67): Illuminate\\Database\\Migrations\\Migrator->repositoryExists()
#8 /home/ussene/Documents/GitHub/SistemaDeGestaoDeEventosUEM/backend/vendor/laravel/framework/src/Illuminate/Database/Migrations/Migrator.php(666): Illuminate\\Database\\Console\\Migrations\\FreshCommand->Illuminate\\Database\\Console\\Migrations\\{closure}()
#9 /home/ussene/Documents/GitHub/SistemaDeGestaoDeEventosUEM/backend/vendor/laravel/framework/src/Illuminate/Database/Console/Migrations/FreshCommand.php(66): Illuminate\\Database\\Migrations\\Migrator->usingConnection()
#10 /home/ussene/Documents/GitHub/SistemaDeGestaoDeEventosUEM/backend/vendor/laravel/framework/src/Illuminate/Container/BoundMethod.php(36): Illuminate\\Database\\Console\\Migrations\\FreshCommand->handle()
#11 /home/ussene/Documents/GitHub/SistemaDeGestaoDeEventosUEM/backend/vendor/laravel/framework/src/Illuminate/Container/Util.php(43): Illuminate\\Container\\BoundMethod::Illuminate\\Container\\{closure}()
#12 /home/ussene/Documents/GitHub/SistemaDeGestaoDeEventosUEM/backend/vendor/laravel/framework/src/Illuminate/Container/BoundMethod.php(96): Illuminate\\Container\\Util::unwrapIfClosure()
#13 /home/ussene/Documents/GitHub/SistemaDeGestaoDeEventosUEM/backend/vendor/laravel/framework/src/Illuminate/Container/BoundMethod.php(35): Illuminate\\Container\\BoundMethod::callBoundMethod()
#14 /home/ussene/Documents/GitHub/SistemaDeGestaoDeEventosUEM/backend/vendor/laravel/framework/src/Illuminate/Container/Container.php(836): Illuminate\\Container\\BoundMethod::call()
#15 /home/ussene/Documents/GitHub/SistemaDeGestaoDeEventosUEM/backend/vendor/laravel/framework/src/Illuminate/Console/Command.php(211): Illuminate\\Container\\Container->call()
#16 /home/ussene/Documents/GitHub/SistemaDeGestaoDeEventosUEM/backend/vendor/symfony/console/Command/Command.php(318): Illuminate\\Console\\Command->execute()
#17 /home/ussene/Documents/GitHub/SistemaDeGestaoDeEventosUEM/backend/vendor/laravel/framework/src/Illuminate/Console/Command.php(180): Symfony\\Component\\Console\\Command\\Command->run()
#18 /home/ussene/Documents/GitHub/SistemaDeGestaoDeEventosUEM/backend/vendor/symfony/console/Application.php(1073): Illuminate\\Console\\Command->run()
#19 /home/ussene/Documents/GitHub/SistemaDeGestaoDeEventosUEM/backend/vendor/symfony/console/Application.php(356): Symfony\\Component\\Console\\Application->doRunCommand()
#20 /home/ussene/Documents/GitHub/SistemaDeGestaoDeEventosUEM/backend/vendor/symfony/console/Application.php(195): Symfony\\Component\\Console\\Application->doRun()
#21 /home/ussene/Documents/GitHub/SistemaDeGestaoDeEventosUEM/backend/vendor/laravel/framework/src/Illuminate/Foundation/Console/Kernel.php(197): Symfony\\Component\\Console\\Application->run()
#22 /home/ussene/Documents/GitHub/SistemaDeGestaoDeEventosUEM/backend/vendor/laravel/framework/src/Illuminate/Foundation/Application.php(1235): Illuminate\\Foundation\\Console\\Kernel->handle()
#23 /home/ussene/Documents/GitHub/SistemaDeGestaoDeEventosUEM/backend/artisan(16): Illuminate\\Foundation\\Application->handleCommand()
#24 {main}

[previous exception] [object] (PDOException(code: 0): could not find driver at /home/ussene/Documents/GitHub/SistemaDeGestaoDeEventosUEM/backend/vendor/laravel/framework/src/Illuminate/Database/Connectors/Connector.php:66)
[stacktrace]
#0 /home/ussene/Documents/GitHub/SistemaDeGestaoDeEventosUEM/backend/vendor/laravel/framework/src/Illuminate/Database/Connectors/Connector.php(66): PDO->__construct()
#1 /home/ussene/Documents/GitHub/SistemaDeGestaoDeEventosUEM/backend/vendor/laravel/framework/src/Illuminate/Database/Connectors/Connector.php(44): Illuminate\\Database\\Connectors\\Connector->createPdoConnection()
#2 /home/ussene/Documents/GitHub/SistemaDeGestaoDeEventosUEM/backend/vendor/laravel/framework/src/Illuminate/Database/Connectors/SQLiteConnector.php(21): Illuminate\\Database\\Connectors\\Connector->createConnection()
#3 /home/ussene/Documents/GitHub/SistemaDeGestaoDeEventosUEM/backend/vendor/laravel/framework/src/Illuminate/Database/Connectors/ConnectionFactory.php(223): Illuminate\\Database\\Connectors\\SQLiteConnector->connect()
#4 [internal function]: Illuminate\\Database\\Connectors\\ConnectionFactory->Illuminate\\Database\\Connectors\\{closure}()
#5 /home/ussene/Documents/GitHub/SistemaDeGestaoDeEventosUEM/backend/vendor/laravel/framework/src/Illuminate/Database/Connection.php(1234): call_user_func()
#6 /home/ussene/Documents/GitHub/SistemaDeGestaoDeEventosUEM/backend/vendor/laravel/framework/src/Illuminate/Database/Connection.php(1270): Illuminate\\Database\\Connection->getPdo()
#7 /home/ussene/Documents/GitHub/SistemaDeGestaoDeEventosUEM/backend/vendor/laravel/framework/src/Illuminate/Database/Connection.php(511): Illuminate\\Database\\Connection->getReadPdo()
#8 /home/ussene/Documents/GitHub/SistemaDeGestaoDeEventosUEM/backend/vendor/laravel/framework/src/Illuminate/Database/Connection.php(406): Illuminate\\Database\\Connection->getPdoForSelect()
#9 /home/ussene/Documents/GitHub/SistemaDeGestaoDeEventosUEM/backend/vendor/laravel/framework/src/Illuminate/Database/Connection.php(811): Illuminate\\Database\\Connection->Illuminate\\Database\\{closure}()
#10 /home/ussene/Documents/GitHub/SistemaDeGestaoDeEventosUEM/backend/vendor/laravel/framework/src/Illuminate/Database/Connection.php(778): Illuminate\\Database\\Connection->runQueryCallback()
#11 /home/ussene/Documents/GitHub/SistemaDeGestaoDeEventosUEM/backend/vendor/laravel/framework/src/Illuminate/Database/Connection.php(397): Illuminate\\Database\\Connection->run()
#12 /home/ussene/Documents/GitHub/SistemaDeGestaoDeEventosUEM/backend/vendor/laravel/framework/src/Illuminate/Database/Connection.php(343): Illuminate\\Database\\Connection->select()
#13 /home/ussene/Documents/GitHub/SistemaDeGestaoDeEventosUEM/backend/vendor/laravel/framework/src/Illuminate/Database/Connection.php(360): Illuminate\\Database\\Connection->selectOne()
#14 /home/ussene/Documents/GitHub/SistemaDeGestaoDeEventosUEM/backend/vendor/laravel/framework/src/Illuminate/Database/Schema/Builder.php(174): Illuminate\\Database\\Connection->scalar()
#15 /home/ussene/Documents/GitHub/SistemaDeGestaoDeEventosUEM/backend/vendor/laravel/framework/src/Illuminate/Database/Migrations/DatabaseMigrationRepository.php(185): Illuminate\\Database\\Schema\\Builder->hasTable()
#16 /home/ussene/Documents/GitHub/SistemaDeGestaoDeEventosUEM/backend/vendor/laravel/framework/src/Illuminate/Database/Migrations/Migrator.php(753): Illuminate\\Database\\Migrations\\DatabaseMigrationRepository->repositoryExists()
#17 /home/ussene/Documents/GitHub/SistemaDeGestaoDeEventosUEM/backend/vendor/laravel/framework/src/Illuminate/Database/Console/Migrations/FreshCommand.php(67): Illuminate\\Database\\Migrations\\Migrator->repositoryExists()
#18 /home/ussene/Documents/GitHub/SistemaDeGestaoDeEventosUEM/backend/vendor/laravel/framework/src/Illuminate/Database/Migrations/Migrator.php(666): Illuminate\\Database\\Console\\Migrations\\FreshCommand->Illuminate\\Database\\Console\\Migrations\\{closure}()
#19 /home/ussene/Documents/GitHub/SistemaDeGestaoDeEventosUEM/backend/vendor/laravel/framework/src/Illuminate/Database/Console/Migrations/FreshCommand.php(66): Illuminate\\Database\\Migrations\\Migrator->usingConnection()
#20 /home/ussene/Documents/GitHub/SistemaDeGestaoDeEventosUEM/backend/vendor/laravel/framework/src/Illuminate/Container/BoundMethod.php(36): Illuminate\\Database\\Console\\Migrations\\FreshCommand->handle()
#21 /home/ussene/Documents/GitHub/SistemaDeGestaoDeEventosUEM/backend/vendor/laravel/framework/src/Illuminate/Container/Util.php(43): Illuminate\\Container\\BoundMethod::Illuminate\\Container\\{closure}()
#22 /home/ussene/Documents/GitHub/SistemaDeGestaoDeEventosUEM/backend/vendor/laravel/framework/src/Illuminate/Container/BoundMethod.php(96): Illuminate\\Container\\Util::unwrapIfClosure()
#23 /home/ussene/Documents/GitHub/SistemaDeGestaoDeEventosUEM/backend/vendor/laravel/framework/src/Illuminate/Container/BoundMethod.php(35): Illuminate\\Container\\BoundMethod::callBoundMethod()
#24 /home/ussene/Documents/GitHub/SistemaDeGestaoDeEventosUEM/backend/vendor/laravel/framework/src/Illuminate/Container/Container.php(836): Illuminate\\Container\\BoundMethod::call()
#25 /home/ussene/Documents/GitHub/SistemaDeGestaoDeEventosUEM/backend/vendor/laravel/framework/src/Illuminate/Console/Command.php(211): Illuminate\\Container\\Container->call()
#26 /home/ussene/Documents/GitHub/SistemaDeGestaoDeEventosUEM/backend/vendor/symfony/console/Command/Command.php(318): Illuminate\\Console\\Command->execute()
#27 /home/ussene/Documents/GitHub/SistemaDeGestaoDeEventosUEM/backend/vendor/laravel/framework/src/Illuminate/Console/Command.php(180): Symfony\\Component\\Console\\Command\\Command->run()
#28 /home/ussene/Documents/GitHub/SistemaDeGestaoDeEventosUEM/backend/vendor/symfony/console/Application.php(1073): Illuminate\\Console\\Command->run()
#29 /home/ussene/Documents/GitHub/SistemaDeGestaoDeEventosUEM/backend/vendor/symfony/console/Application.php(356): Symfony\\Component\\Console\\Application->doRunCommand()
#30 /home/ussene/Documents/GitHub/SistemaDeGestaoDeEventosUEM/backend/vendor/symfony/console/Application.php(195): Symfony\\Component\\Console\\Application->doRun()
#31 /home/ussene/Documents/GitHub/SistemaDeGestaoDeEventosUEM/backend/vendor/laravel/framework/src/Illuminate/Foundation/Console/Kernel.php(197): Symfony\\Component\\Console\\Application->run()
#32 /home/ussene/Documents/GitHub/SistemaDeGestaoDeEventosUEM/backend/vendor/laravel/framework/src/Illuminate/Foundation/Application.php(1235): Illuminate\\Foundation\\Console\\Kernel->handle()
#33 /home/ussene/Documents/GitHub/SistemaDeGestaoDeEventosUEM/backend/artisan(16): Illuminate\\Foundation\\Application->handleCommand()
#34 {main}
"} 
[2025-11-08 16:47:50] local.ERROR: could not find driver (Connection: sqlite, SQL: delete from "cache") {"exception":"[object] (Illuminate\\Database\\QueryException(code: 0): could not find driver (Connection: sqlite, SQL: delete from \"cache\") at /home/ussene/Documents/GitHub/SistemaDeGestaoDeEventosUEM/backend/vendor/laravel/framework/src/Illuminate/Database/Connection.php:824)
[stacktrace]
#0 /home/ussene/Documents/GitHub/SistemaDeGestaoDeEventosUEM/backend/vendor/laravel/framework/src/Illuminate/Database/Connection.php(778): Illuminate\\Database\\Connection->runQueryCallback()
#1 /home/ussene/Documents/GitHub/SistemaDeGestaoDeEventosUEM/backend/vendor/laravel/framework/src/Illuminate/Database/Connection.php(583): Illuminate\\Database\\Connection->run()
#2 /home/ussene/Documents/GitHub/SistemaDeGestaoDeEventosUEM/backend/vendor/laravel/framework/src/Illuminate/Database/Connection.php(547): Illuminate\\Database\\Connection->affectingStatement()
#3 /home/ussene/Documents/GitHub/SistemaDeGestaoDeEventosUEM/backend/vendor/laravel/framework/src/Illuminate/Database/Query/Builder.php(4109): Illuminate\\Database\\Connection->delete()
#4 /home/ussene/Documents/GitHub/SistemaDeGestaoDeEventosUEM/backend/vendor/laravel/framework/src/Illuminate/Cache/DatabaseStore.php(423): Illuminate\\Database\\Query\\Builder->delete()
#5 /home/ussene/Documents/GitHub/SistemaDeGestaoDeEventosUEM/backend/vendor/laravel/framework/src/Illuminate/Cache/Repository.php(807): Illuminate\\Cache\\DatabaseStore->flush()
#6 /home/ussene/Documents/GitHub/SistemaDeGestaoDeEventosUEM/backend/vendor/laravel/framework/src/Illuminate/Cache/Console/ClearCommand.php(68): Illuminate\\Cache\\Repository->__call()
#7 /home/ussene/Documents/GitHub/SistemaDeGestaoDeEventosUEM/backend/vendor/laravel/framework/src/Illuminate/Container/BoundMethod.php(36): Illuminate\\Cache\\Console\\ClearCommand->handle()
#8 /home/ussene/Documents/GitHub/SistemaDeGestaoDeEventosUEM/backend/vendor/laravel/framework/src/Illuminate/Container/Util.php(43): Illuminate\\Container\\BoundMethod::Illuminate\\Container\\{closure}()
#9 /home/ussene/Documents/GitHub/SistemaDeGestaoDeEventosUEM/backend/vendor/laravel/framework/src/Illuminate/Container/BoundMethod.php(96): Illuminate\\Container\\Util::unwrapIfClosure()
#10 /home/ussene/Documents/GitHub/SistemaDeGestaoDeEventosUEM/backend/vendor/laravel/framework/src/Illuminate/Container/BoundMethod.php(35): Illuminate\\Container\\BoundMethod::callBoundMethod()
#11 /home/ussene/Documents/GitHub/SistemaDeGestaoDeEventosUEM/backend/vendor/laravel/framework/src/Illuminate/Container/Container.php(836): Illuminate\\Container\\BoundMethod::call()
#12 /home/ussene/Documents/GitHub/SistemaDeGestaoDeEventosUEM/backend/vendor/laravel/framework/src/Illuminate/Console/Command.php(211): Illuminate\\Container\\Container->call()
#13 /home/ussene/Documents/GitHub/SistemaDeGestaoDeEventosUEM/backend/vendor/symfony/console/Command/Command.php(318): Illuminate\\Console\\Command->execute()
#14 /home/ussene/Documents/GitHub/SistemaDeGestaoDeEventosUEM/backend/vendor/laravel/framework/src/Illuminate/Console/Command.php(180): Symfony\\Component\\Console\\Command\\Command->run()
#15 /home/ussene/Documents/GitHub/SistemaDeGestaoDeEventosUEM/backend/vendor/symfony/console/Application.php(1073): Illuminate\\Console\\Command->run()
#16 /home/ussene/Documents/GitHub/SistemaDeGestaoDeEventosUEM/backend/vendor/symfony/console/Application.php(356): Symfony\\Component\\Console\\Application->doRunCommand()
#17 /home/ussene/Documents/GitHub/SistemaDeGestaoDeEventosUEM/backend/vendor/symfony/console/Application.php(195): Symfony\\Component\\Console\\Application->doRun()
#18 /home/ussene/Documents/GitHub/SistemaDeGestaoDeEventosUEM/backend/vendor/laravel/framework/src/Illuminate/Foundation/Console/Kernel.php(197): Symfony\\Component\\Console\\Application->run()
#19 /home/ussene/Documents/GitHub/SistemaDeGestaoDeEventosUEM/backend/vendor/laravel/framework/src/Illuminate/Foundation/Application.php(1235): Illuminate\\Foundation\\Console\\Kernel->handle()
#20 /home/ussene/Documents/GitHub/SistemaDeGestaoDeEventosUEM/backend/artisan(16): Illuminate\\Foundation\\Application->handleCommand()
#21 {main}

[previous exception] [object] (PDOException(code: 0): could not find driver at /home/ussene/Documents/GitHub/SistemaDeGestaoDeEventosUEM/backend/vendor/laravel/framework/src/Illuminate/Database/Connectors/Connector.php:66)
[stacktrace]
#0 /home/ussene/Documents/GitHub/SistemaDeGestaoDeEventosUEM/backend/vendor/laravel/framework/src/Illuminate/Database/Connectors/Connector.php(66): PDO->__construct()
#1 /home/ussene/Documents/GitHub/SistemaDeGestaoDeEventosUEM/backend/vendor/laravel/framework/src/Illuminate/Database/Connectors/Connector.php(44): Illuminate\\Database\\Connectors\\Connector->createPdoConnection()
#2 /home/ussene/Documents/GitHub/SistemaDeGestaoDeEventosUEM/backend/vendor/laravel/framework/src/Illuminate/Database/Connectors/SQLiteConnector.php(21): Illuminate\\Database\\Connectors\\Connector->createConnection()
#3 /home/ussene/Documents/GitHub/SistemaDeGestaoDeEventosUEM/backend/vendor/laravel/framework/src/Illuminate/Database/Connectors/ConnectionFactory.php(223): Illuminate\\Database\\Connectors\\SQLiteConnector->connect()
#4 [internal function]: Illuminate\\Database\\Connectors\\ConnectionFactory->Illuminate\\Database\\Connectors\\{closure}()
#5 /home/ussene/Documents/GitHub/SistemaDeGestaoDeEventosUEM/backend/vendor/laravel/framework/src/Illuminate/Database/Connection.php(1234): call_user_func()
#6 /home/ussene/Documents/GitHub/SistemaDeGestaoDeEventosUEM/backend/vendor/laravel/framework/src/Illuminate/Database/Connection.php(591): Illuminate\\Database\\Connection->getPdo()
#7 /home/ussene/Documents/GitHub/SistemaDeGestaoDeEventosUEM/backend/vendor/laravel/framework/src/Illuminate/Database/Connection.php(811): Illuminate\\Database\\Connection->Illuminate\\Database\\{closure}()
#8 /home/ussene/Documents/GitHub/SistemaDeGestaoDeEventosUEM/backend/vendor/laravel/framework/src/Illuminate/Database/Connection.php(778): Illuminate\\Database\\Connection->runQueryCallback()
#9 /home/ussene/Documents/GitHub/SistemaDeGestaoDeEventosUEM/backend/vendor/laravel/framework/src/Illuminate/Database/Connection.php(583): Illuminate\\Database\\Connection->run()
#10 /home/ussene/Documents/GitHub/SistemaDeGestaoDeEventosUEM/backend/vendor/laravel/framework/src/Illuminate/Database/Connection.php(547): Illuminate\\Database\\Connection->affectingStatement()
#11 /home/ussene/Documents/GitHub/SistemaDeGestaoDeEventosUEM/backend/vendor/laravel/framework/src/Illuminate/Database/Query/Builder.php(4109): Illuminate\\Database\\Connection->delete()
#12 /home/ussene/Documents/GitHub/SistemaDeGestaoDeEventosUEM/backend/vendor/laravel/framework/src/Illuminate/Cache/DatabaseStore.php(423): Illuminate\\Database\\Query\\Builder->delete()
#13 /home/ussene/Documents/GitHub/SistemaDeGestaoDeEventosUEM/backend/vendor/laravel/framework/src/Illuminate/Cache/Repository.php(807): Illuminate\\Cache\\DatabaseStore->flush()
#14 /home/ussene/Documents/GitHub/SistemaDeGestaoDeEventosUEM/backend/vendor/laravel/framework/src/Illuminate/Cache/Console/ClearCommand.php(68): Illuminate\\Cache\\Repository->__call()
#15 /home/ussene/Documents/GitHub/SistemaDeGestaoDeEventosUEM/backend/vendor/laravel/framework/src/Illuminate/Container/BoundMethod.php(36): Illuminate\\Cache\\Console\\ClearCommand->handle()
#16 /home/ussene/Documents/GitHub/SistemaDeGestaoDeEventosUEM/backend/vendor/laravel/framework/src/Illuminate/Container/Util.php(43): Illuminate\\Container\\BoundMethod::Illuminate\\Container\\{closure}()
#17 /home/ussene/Documents/GitHub/SistemaDeGestaoDeEventosUEM/backend/vendor/laravel/framework/src/Illuminate/Container/BoundMethod.php(96): Illuminate\\Container\\Util::unwrapIfClosure()
#18 /home/ussene/Documents/GitHub/SistemaDeGestaoDeEventosUEM/backend/vendor/laravel/framework/src/Illuminate/Container/BoundMethod.php(35): Illuminate\\Container\\BoundMethod::callBoundMethod()
#19 /home/ussene/Documents/GitHub/SistemaDeGestaoDeEventosUEM/backend/vendor/laravel/framework/src/Illuminate/Container/Container.php(836): Illuminate\\Container\\BoundMethod::call()
#20 /home/ussene/Documents/GitHub/SistemaDeGestaoDeEventosUEM/backend/vendor/laravel/framework/src/Illuminate/Console/Command.php(211): Illuminate\\Container\\Container->call()
#21 /home/ussene/Documents/GitHub/SistemaDeGestaoDeEventosUEM/backend/vendor/symfony/console/Command/Command.php(318): Illuminate\\Console\\Command->execute()
#22 /home/ussene/Documents/GitHub/SistemaDeGestaoDeEventosUEM/backend/vendor/laravel/framework/src/Illuminate/Console/Command.php(180): Symfony\\Component\\Console\\Command\\Command->run()
#23 /home/ussene/Documents/GitHub/SistemaDeGestaoDeEventosUEM/backend/vendor/symfony/console/Application.php(1073): Illuminate\\Console\\Command->run()
#24 /home/ussene/Documents/GitHub/SistemaDeGestaoDeEventosUEM/backend/vendor/symfony/console/Application.php(356): Symfony\\Component\\Console\\Application->doRunCommand()
#25 /home/ussene/Documents/GitHub/SistemaDeGestaoDeEventosUEM/backend/vendor/symfony/console/Application.php(195): Symfony\\Component\\Console\\Application->doRun()
#26 /home/ussene/Documents/GitHub/SistemaDeGestaoDeEventosUEM/backend/vendor/laravel/framework/src/Illuminate/Foundation/Console/Kernel.php(197): Symfony\\Component\\Console\\Application->run()
#27 /home/ussene/Documents/GitHub/SistemaDeGestaoDeEventosUEM/backend/vendor/laravel/framework/src/Illuminate/Foundation/Application.php(1235): Illuminate\\Foundation\\Console\\Kernel->handle()
#28 /home/ussene/Documents/GitHub/SistemaDeGestaoDeEventosUEM/backend/artisan(16): Illuminate\\Foundation\\Application->handleCommand()
#29 {main}
"} 
[2025-11-08 17:27:35] local.ERROR: Call to undefined method App\Http\Controllers\PromoterController::authorize() {"userId":2,"exception":"[object] (Error(code: 0): Call to undefined method App\\Http\\Controllers\\PromoterController::authorize() at /home/ussene/Documents/GitHub/SistemaDeGestaoDeEventosUEM/backend/app/Http/Controllers/PromoterController.php:23)
[stacktrace]
#0 /home/ussene/Documents/GitHub/SistemaDeGestaoDeEventosUEM/backend/vendor/laravel/framework/src/Illuminate/Routing/ControllerDispatcher.php(46): App\\Http\\Controllers\\PromoterController->store()
#1 /home/ussene/Documents/GitHub/SistemaDeGestaoDeEventosUEM/backend/vendor/laravel/framework/src/Illuminate/Routing/Route.php(265): Illuminate\\Routing\\ControllerDispatcher->dispatch()
#2 /home/ussene/Documents/GitHub/SistemaDeGestaoDeEventosUEM/backend/vendor/laravel/framework/src/Illuminate/Routing/Route.php(211): Illuminate\\Routing\\Route->runController()
#3 /home/ussene/Documents/GitHub/SistemaDeGestaoDeEventosUEM/backend/vendor/laravel/framework/src/Illuminate/Routing/Router.php(822): Illuminate\\Routing\\Route->run()
#4 /home/ussene/Documents/GitHub/SistemaDeGestaoDeEventosUEM/backend/vendor/laravel/framework/src/Illuminate/Pipeline/Pipeline.php(180): Illuminate\\Routing\\Router->Illuminate\\Routing\\{closure}()
#5 /home/ussene/Documents/GitHub/SistemaDeGestaoDeEventosUEM/backend/app/Http/Middleware/EnsureUserHasRole.php(28): Illuminate\\Pipeline\\Pipeline->Illuminate\\Pipeline\\{closure}()
#6 /home/ussene/Documents/GitHub/SistemaDeGestaoDeEventosUEM/backend/vendor/laravel/framework/src/Illuminate/Pipeline/Pipeline.php(219): App\\Http\\Middleware\\EnsureUserHasRole->handle()
#7 /home/ussene/Documents/GitHub/SistemaDeGestaoDeEventosUEM/backend/vendor/laravel/framework/src/Illuminate/Routing/Middleware/SubstituteBindings.php(50): Illuminate\\Pipeline\\Pipeline->Illuminate\\Pipeline\\{closure}()
#8 /home/ussene/Documents/GitHub/SistemaDeGestaoDeEventosUEM/backend/vendor/laravel/framework/src/Illuminate/Pipeline/Pipeline.php(219): Illuminate\\Routing\\Middleware\\SubstituteBindings->handle()
#9 /home/ussene/Documents/GitHub/SistemaDeGestaoDeEventosUEM/backend/vendor/laravel/framework/src/Illuminate/Auth/Middleware/Authenticate.php(63): Illuminate\\Pipeline\\Pipeline->Illuminate\\Pipeline\\{closure}()
#10 /home/ussene/Documents/GitHub/SistemaDeGestaoDeEventosUEM/backend/vendor/laravel/framework/src/Illuminate/Pipeline/Pipeline.php(219): Illuminate\\Auth\\Middleware\\Authenticate->handle()
#11 /home/ussene/Documents/GitHub/SistemaDeGestaoDeEventosUEM/backend/vendor/laravel/framework/src/Illuminate/Pipeline/Pipeline.php(137): Illuminate\\Pipeline\\Pipeline->Illuminate\\Pipeline\\{closure}()
#12 /home/ussene/Documents/GitHub/SistemaDeGestaoDeEventosUEM/backend/vendor/laravel/framework/src/Illuminate/Routing/Router.php(821): Illuminate\\Pipeline\\Pipeline->then()
#13 /home/ussene/Documents/GitHub/SistemaDeGestaoDeEventosUEM/backend/vendor/laravel/framework/src/Illuminate/Routing/Router.php(800): Illuminate\\Routing\\Router->runRouteWithinStack()
#14 /home/ussene/Documents/GitHub/SistemaDeGestaoDeEventosUEM/backend/vendor/laravel/framework/src/Illuminate/Routing/Router.php(764): Illuminate\\Routing\\Router->runRoute()
#15 /home/ussene/Documents/GitHub/SistemaDeGestaoDeEventosUEM/backend/vendor/laravel/framework/src/Illuminate/Routing/Router.php(753): Illuminate\\Routing\\Router->dispatchToRoute()
#16 /home/ussene/Documents/GitHub/SistemaDeGestaoDeEventosUEM/backend/vendor/laravel/framework/src/Illuminate/Foundation/Http/Kernel.php(200): Illuminate\\Routing\\Router->dispatch()
#17 /home/ussene/Documents/GitHub/SistemaDeGestaoDeEventosUEM/backend/vendor/laravel/framework/src/Illuminate/Pipeline/Pipeline.php(180): Illuminate\\Foundation\\Http\\Kernel->Illuminate\\Foundation\\Http\\{closure}()
#18 /home/ussene/Documents/GitHub/SistemaDeGestaoDeEventosUEM/backend/vendor/laravel/framework/src/Illuminate/Foundation/Http/Middleware/TransformsRequest.php(21): Illuminate\\Pipeline\\Pipeline->Illuminate\\Pipeline\\{closure}()
#19 /home/ussene/Documents/GitHub/SistemaDeGestaoDeEventosUEM/backend/vendor/laravel/framework/src/Illuminate/Foundation/Http/Middleware/ConvertEmptyStringsToNull.php(31): Illuminate\\Foundation\\Http\\Middleware\\TransformsRequest->handle()
#20 /home/ussene/Documents/GitHub/SistemaDeGestaoDeEventosUEM/backend/vendor/laravel/framework/src/Illuminate/Pipeline/Pipeline.php(219): Illuminate\\Foundation\\Http\\Middleware\\ConvertEmptyStringsToNull->handle()
#21 /home/ussene/Documents/GitHub/SistemaDeGestaoDeEventosUEM/backend/vendor/laravel/framework/src/Illuminate/Foundation/Http/Middleware/TransformsRequest.php(21): Illuminate\\Pipeline\\Pipeline->Illuminate\\Pipeline\\{closure}()
#22 /home/ussene/Documents/GitHub/SistemaDeGestaoDeEventosUEM/backend/vendor/laravel/framework/src/Illuminate/Foundation/Http/Middleware/TrimStrings.php(51): Illuminate\\Foundation\\Http\\Middleware\\TransformsRequest->handle()
#23 /home/ussene/Documents/GitHub/SistemaDeGestaoDeEventosUEM/backend/vendor/laravel/framework/src/Illuminate/Pipeline/Pipeline.php(219): Illuminate\\Foundation\\Http\\Middleware\\TrimStrings->handle()
#24 /home/ussene/Documents/GitHub/SistemaDeGestaoDeEventosUEM/backend/vendor/laravel/framework/src/Illuminate/Http/Middleware/ValidatePostSize.php(27): Illuminate\\Pipeline\\Pipeline->Illuminate\\Pipeline\\{closure}()
#25 /home/ussene/Documents/GitHub/SistemaDeGestaoDeEventosUEM/backend/vendor/laravel/framework/src/Illuminate/Pipeline/Pipeline.php(219): Illuminate\\Http\\Middleware\\ValidatePostSize->handle()
#26 /home/ussene/Documents/GitHub/SistemaDeGestaoDeEventosUEM/backend/vendor/laravel/framework/src/Illuminate/Foundation/Http/Middleware/PreventRequestsDuringMaintenance.php(109): Illuminate\\Pipeline\\Pipeline->Illuminate\\Pipeline\\{closure}()
#27 /home/ussene/Documents/GitHub/SistemaDeGestaoDeEventosUEM/backend/vendor/laravel/framework/src/Illuminate/Pipeline/Pipeline.php(219): Illuminate\\Foundation\\Http\\Middleware\\PreventRequestsDuringMaintenance->handle()
#28 /home/ussene/Documents/GitHub/SistemaDeGestaoDeEventosUEM/backend/vendor/laravel/framework/src/Illuminate/Http/Middleware/HandleCors.php(61): Illuminate\\Pipeline\\Pipeline->Illuminate\\Pipeline\\{closure}()
#29 /home/ussene/Documents/GitHub/SistemaDeGestaoDeEventosUEM/backend/vendor/laravel/framework/src/Illuminate/Pipeline/Pipeline.php(219): Illuminate\\Http\\Middleware\\HandleCors->handle()
#30 /home/ussene/Documents/GitHub/SistemaDeGestaoDeEventosUEM/backend/vendor/laravel/framework/src/Illuminate/Http/Middleware/TrustProxies.php(58): Illuminate\\Pipeline\\Pipeline->Illuminate\\Pipeline\\{closure}()
#31 /home/ussene/Documents/GitHub/SistemaDeGestaoDeEventosUEM/backend/vendor/laravel/framework/src/Illuminate/Pipeline/Pipeline.php(219): Illuminate\\Http\\Middleware\\TrustProxies->handle()
#32 /home/ussene/Documents/GitHub/SistemaDeGestaoDeEventosUEM/backend/vendor/laravel/framework/src/Illuminate/Foundation/Http/Middleware/InvokeDeferredCallbacks.php(22): Illuminate\\Pipeline\\Pipeline->Illuminate\\Pipeline\\{closure}()
#33 /home/ussene/Documents/GitHub/SistemaDeGestaoDeEventosUEM/backend/vendor/laravel/framework/src/Illuminate/Pipeline/Pipeline.php(219): Illuminate\\Foundation\\Http\\Middleware\\InvokeDeferredCallbacks->handle()
#34 /home/ussene/Documents/GitHub/SistemaDeGestaoDeEventosUEM/backend/vendor/laravel/framework/src/Illuminate/Http/Middleware/ValidatePathEncoding.php(26): Illuminate\\Pipeline\\Pipeline->Illuminate\\Pipeline\\{closure}()
#35 /home/ussene/Documents/GitHub/SistemaDeGestaoDeEventosUEM/backend/vendor/laravel/framework/src/Illuminate/Pipeline/Pipeline.php(219): Illuminate\\Http\\Middleware\\ValidatePathEncoding->handle()
#36 /home/ussene/Documents/GitHub/SistemaDeGestaoDeEventosUEM/backend/vendor/laravel/framework/src/Illuminate/Pipeline/Pipeline.php(137): Illuminate\\Pipeline\\Pipeline->Illuminate\\Pipeline\\{closure}()
#37 /home/ussene/Documents/GitHub/SistemaDeGestaoDeEventosUEM/backend/vendor/laravel/framework/src/Illuminate/Foundation/Http/Kernel.php(175): Illuminate\\Pipeline\\Pipeline->then()
#38 /home/ussene/Documents/GitHub/SistemaDeGestaoDeEventosUEM/backend/vendor/laravel/framework/src/Illuminate/Foundation/Http/Kernel.php(144): Illuminate\\Foundation\\Http\\Kernel->sendRequestThroughRouter()
#39 /home/ussene/Documents/GitHub/SistemaDeGestaoDeEventosUEM/backend/vendor/laravel/framework/src/Illuminate/Foundation/Application.php(1220): Illuminate\\Foundation\\Http\\Kernel->handle()
#40 /home/ussene/Documents/GitHub/SistemaDeGestaoDeEventosUEM/backend/public/index.php(20): Illuminate\\Foundation\\Application->handleRequest()
#41 /home/ussene/Documents/GitHub/SistemaDeGestaoDeEventosUEM/backend/vendor/laravel/framework/src/Illuminate/Foundation/resources/server.php(23): require_once('...')
#42 {main}
"} 
[2025-11-08 21:05:35] local.ERROR: The provided cwd "/home/ussene/Documents/GitHub/SistemaDeGestaoDeEventosUEM/backend/public" does not exist. {"exception":"[object] (Symfony\\Component\\Process\\Exception\\RuntimeException(code: 0): The provided cwd \"/home/ussene/Documents/GitHub/SistemaDeGestaoDeEventosUEM/backend/public\" does not exist. at /home/ussene/Documents/GitHub/SistemaDeGestaoDeEventosUEM/backend/vendor/symfony/process/Process.php:341)
[stacktrace]
#0 /home/ussene/Documents/GitHub/SistemaDeGestaoDeEventosUEM/backend/vendor/laravel/framework/src/Illuminate/Foundation/Console/ServeCommand.php(198): Symfony\\Component\\Process\\Process->start()
#1 /home/ussene/Documents/GitHub/SistemaDeGestaoDeEventosUEM/backend/vendor/laravel/framework/src/Illuminate/Foundation/Console/ServeCommand.php(157): Illuminate\\Foundation\\Console\\ServeCommand->startProcess()
#2 /home/ussene/Documents/GitHub/SistemaDeGestaoDeEventosUEM/backend/vendor/laravel/framework/src/Illuminate/Container/BoundMethod.php(36): Illuminate\\Foundation\\Console\\ServeCommand->handle()
#3 /home/ussene/Documents/GitHub/SistemaDeGestaoDeEventosUEM/backend/vendor/laravel/framework/src/Illuminate/Container/Util.php(43): Illuminate\\Container\\BoundMethod::Illuminate\\Container\\{closure}()
#4 /home/ussene/Documents/GitHub/SistemaDeGestaoDeEventosUEM/backend/vendor/laravel/framework/src/Illuminate/Container/BoundMethod.php(96): Illuminate\\Container\\Util::unwrapIfClosure()
#5 /home/ussene/Documents/GitHub/SistemaDeGestaoDeEventosUEM/backend/vendor/laravel/framework/src/Illuminate/Container/BoundMethod.php(35): Illuminate\\Container\\BoundMethod::callBoundMethod()
#6 /home/ussene/Documents/GitHub/SistemaDeGestaoDeEventosUEM/backend/vendor/laravel/framework/src/Illuminate/Container/Container.php(836): Illuminate\\Container\\BoundMethod::call()
#7 /home/ussene/Documents/GitHub/SistemaDeGestaoDeEventosUEM/backend/vendor/laravel/framework/src/Illuminate/Console/Command.php(211): Illuminate\\Container\\Container->call()
#8 /home/ussene/Documents/GitHub/SistemaDeGestaoDeEventosUEM/backend/vendor/symfony/console/Command/Command.php(318): Illuminate\\Console\\Command->execute()
#9 /home/ussene/Documents/GitHub/SistemaDeGestaoDeEventosUEM/backend/vendor/laravel/framework/src/Illuminate/Console/Command.php(180): Symfony\\Component\\Console\\Command\\Command->run()
#10 /home/ussene/Documents/GitHub/SistemaDeGestaoDeEventosUEM/backend/vendor/symfony/console/Application.php(1073): Illuminate\\Console\\Command->run()
#11 /home/ussene/Documents/GitHub/SistemaDeGestaoDeEventosUEM/backend/vendor/symfony/console/Application.php(356): Symfony\\Component\\Console\\Application->doRunCommand()
#12 /home/ussene/Documents/GitHub/SistemaDeGestaoDeEventosUEM/backend/vendor/symfony/console/Application.php(195): Symfony\\Component\\Console\\Application->doRun()
#13 /home/ussene/Documents/GitHub/SistemaDeGestaoDeEventosUEM/backend/vendor/laravel/framework/src/Illuminate/Foundation/Console/Kernel.php(197): Symfony\\Component\\Console\\Application->run()
#14 /home/ussene/Documents/GitHub/SistemaDeGestaoDeEventosUEM/backend/vendor/laravel/framework/src/Illuminate/Foundation/Application.php(1235): Illuminate\\Foundation\\Console\\Kernel->handle()
#15 /home/ussene/Documents/GitHub/SistemaDeGestaoDeEventosUEM/backend/artisan(16): Illuminate\\Foundation\\Application->handleCommand()
#16 {main}
"} 
